{
    "query_type": "SELECT",
    "in_tables": [
        "urn:li:dataset:(urn:li:dataPlatform:hive,t1,PROD)",
        "urn:li:dataset:(urn:li:dataPlatform:hive,t2,PROD)"
    ],
    "out_tables": [],
    "column_lineage": [
        {
            "downstream": {
                "table": null,
                "column": "a",
                "column_type": null,
                "native_column_type": null
            },
            "upstreams": []
        },
        {
            "downstream": {
                "table": null,
                "column": "b",
                "column_type": null,
                "native_column_type": null
            },
            "upstreams": []
        },
        {
            "downstream": {
                "table": null,
                "column": "c",
                "column_type": null,
                "native_column_type": null
            },
            "upstreams": []
        }
    ]
}