{
    "query_type": "SELECT",
    "in_tables": [
        "urn:li:dataset:(urn:li:dataPlatform:snowflake,snowflake_sample_data.tpch_sf1.orders,PROD)"
    ],
    "out_tables": [],
    "column_lineage": [
        {
            "downstream": {
                "table": null,
                "column": "total_agg",
                "column_type": {
                    "type": {
                        "com.linkedin.pegasus2avro.schema.NumberType": {}
                    }
                },
                "native_column_type": "DOUBLE"
            },
            "upstreams": [
                {
                    "table": "urn:li:dataset:(urn:li:dataPlatform:snowflake,snowflake_sample_data.tpch_sf1.orders,PROD)",
                    "column": "totalprice"
                }
            ]
        },
        {
            "downstream": {
                "table": null,
                "column": "orderkey",
                "column_type": {
                    "type": {
                        "com.linkedin.pegasus2avro.schema.NumberType": {}
                    }
                },
                "native_column_type": "DECIMAL"
            },
            "upstreams": [
                {
                    "table": "urn:li:dataset:(urn:li:dataPlatform:snowflake,snowflake_sample_data.tpch_sf1.orders,PROD)",
                    "column": "orderkey"
                }
            ]
        },
        {
            "downstream": {
                "table": null,
                "column": "custkey",
                "column_type": {
                    "type": {
                        "com.linkedin.pegasus2avro.schema.NumberType": {}
                    }
                },
                "native_column_type": "DECIMAL"
            },
            "upstreams": [
                {
                    "table": "urn:li:dataset:(urn:li:dataPlatform:snowflake,snowflake_sample_data.tpch_sf1.orders,PROD)",
                    "column": "custkey"
                }
            ]
        },
        {
            "downstream": {
                "table": null,
                "column": "orderstatus",
                "column_type": {
                    "type": {
                        "com.linkedin.pegasus2avro.schema.StringType": {}
                    }
                },
                "native_column_type": "TEXT"
            },
            "upstreams": [
                {
                    "table": "urn:li:dataset:(urn:li:dataPlatform:snowflake,snowflake_sample_data.tpch_sf1.orders,PROD)",
                    "column": "orderstatus"
                }
            ]
        },
        {
            "downstream": {
                "table": null,
                "column": "totalprice",
                "column_type": {
                    "type": {
                        "com.linkedin.pegasus2avro.schema.NumberType": {}
                    }
                },
                "native_column_type": "FLOAT"
            },
            "upstreams": [
                {
                    "table": "urn:li:dataset:(urn:li:dataPlatform:snowflake,snowflake_sample_data.tpch_sf1.orders,PROD)",
                    "column": "totalprice"
                }
            ]
        },
        {
            "downstream": {
                "table": null,
                "column": "orderdate",
                "column_type": {
                    "type": {
                        "com.linkedin.pegasus2avro.schema.DateType": {}
                    }
                },
                "native_column_type": "DATE"
            },
            "upstreams": [
                {
                    "table": "urn:li:dataset:(urn:li:dataPlatform:snowflake,snowflake_sample_data.tpch_sf1.orders,PROD)",
                    "column": "orderdate"
                }
            ]
        },
        {
            "downstream": {
                "table": null,
                "column": "orderpriority",
                "column_type": {
                    "type": {
                        "com.linkedin.pegasus2avro.schema.StringType": {}
                    }
                },
                "native_column_type": "TEXT"
            },
            "upstreams": [
                {
                    "table": "urn:li:dataset:(urn:li:dataPlatform:snowflake,snowflake_sample_data.tpch_sf1.orders,PROD)",
                    "column": "orderpriority"
                }
            ]
        },
        {
            "downstream": {
                "table": null,
                "column": "clerk",
                "column_type": {
                    "type": {
                        "com.linkedin.pegasus2avro.schema.StringType": {}
                    }
                },
                "native_column_type": "TEXT"
            },
            "upstreams": [
                {
                    "table": "urn:li:dataset:(urn:li:dataPlatform:snowflake,snowflake_sample_data.tpch_sf1.orders,PROD)",
                    "column": "clerk"
                }
            ]
        },
        {
            "downstream": {
                "table": null,
                "column": "shippriority",
                "column_type": {
                    "type": {
                        "com.linkedin.pegasus2avro.schema.NumberType": {}
                    }
                },
                "native_column_type": "DECIMAL"
            },
            "upstreams": [
                {
                    "table": "urn:li:dataset:(urn:li:dataPlatform:snowflake,snowflake_sample_data.tpch_sf1.orders,PROD)",
                    "column": "shippriority"
                }
            ]
        },
        {
            "downstream": {
                "table": null,
                "column": "comment",
                "column_type": {
                    "type": {
                        "com.linkedin.pegasus2avro.schema.StringType": {}
                    }
                },
                "native_column_type": "TEXT"
            },
            "upstreams": [
                {
                    "table": "urn:li:dataset:(urn:li:dataPlatform:snowflake,snowflake_sample_data.tpch_sf1.orders,PROD)",
                    "column": "comment"
                }
            ]
        }
    ]
}