{
    "query_type": "SELECT",
    "in_tables": [
        "urn:li:dataset:(urn:li:dataPlatform:teradata,dbc.table1,PROD)",
        "urn:li:dataset:(urn:li:dataPlatform:teradata,dbc.table2,PROD)"
    ],
    "out_tables": [],
    "column_lineage": [
        {
            "downstream": {
                "table": null,
                "column": "col1",
                "column_type": null,
                "native_column_type": null
            },
            "upstreams": [
                {
                    "table": "urn:li:dataset:(urn:li:dataPlatform:teradata,dbc.table1,PROD)",
                    "column": "col1"
                },
                {
                    "table": "urn:li:dataset:(urn:li:dataPlatform:teradata,dbc.table2,PROD)",
                    "column": "col1"
                }
            ]
        },
        {
            "downstream": {
                "table": null,
                "column": "col2",
                "column_type": null,
                "native_column_type": null
            },
            "upstreams": [
                {
                    "table": "urn:li:dataset:(urn:li:dataPlatform:teradata,dbc.table1,PROD)",
                    "column": "col2"
                },
                {
                    "table": "urn:li:dataset:(urn:li:dataPlatform:teradata,dbc.table2,PROD)",
                    "column": "col2"
                }
            ]
        }
    ]
}