{
    "query_type": "MERGE",
    "query_type_props": {},
    "query_fingerprint": "d6631edda99334cff011305d30c423f01d996185372c2aec6bb3e82e185fcad0",
    "in_tables": [
        "urn:li:dataset:(urn:li:dataPlatform:bigquery,demo-pipelines-stg.referrer.prep_from_ios,PROD)",
        "urn:li:dataset:(urn:li:dataPlatform:bigquery,demo-pipelines-stg.referrer.prep_from_web,PROD)"
    ],
    "out_tables": [
        "urn:li:dataset:(urn:li:dataPlatform:bigquery,demo-pipelines-stg.referrer.base_union,PROD)"
    ],
    "column_lineage": null
}