{
    "query_type": "CREATE",
    "in_tables": [
        "urn:li:dataset:(urn:li:dataPlatform:snowflake,long_tail_companions.analytics.customer_last_purchase_date,PROD)",
        "urn:li:dataset:(urn:li:dataPlatform:snowflake,long_tail_companions.ecommerce.purchases,PROD)"
    ],
    "out_tables": [
        "urn:li:dataset:(urn:li:dataPlatform:snowflake,long_tail_companions.analytics.active_customer_ltv,PROD)"
    ],
    "column_lineage": [
        {
            "downstream": {
                "table": "urn:li:dataset:(urn:li:dataPlatform:snowflake,long_tail_companions.analytics.active_customer_ltv,PROD)",
                "column": "user_fk",
                "column_type": {
                    "type": {
                        "com.linkedin.pegasus2avro.schema.NumberType": {}
                    }
                },
                "native_column_type": "DECIMAL(38, 0)"
            },
            "upstreams": [
                {
                    "table": "urn:li:dataset:(urn:li:dataPlatform:snowflake,long_tail_companions.analytics.customer_last_purchase_date,PROD)",
                    "column": "USER_FK"
                }
            ]
        },
        {
            "downstream": {
                "table": "urn:li:dataset:(urn:li:dataPlatform:snowflake,long_tail_companions.analytics.active_customer_ltv,PROD)",
                "column": "email",
                "column_type": {
                    "type": {
                        "com.linkedin.pegasus2avro.schema.StringType": {}
                    }
                },
                "native_column_type": "VARCHAR(16777216)"
            },
            "upstreams": [
                {
                    "table": "urn:li:dataset:(urn:li:dataPlatform:snowflake,long_tail_companions.analytics.customer_last_purchase_date,PROD)",
                    "column": "EMAIL"
                }
            ]
        },
        {
            "downstream": {
                "table": "urn:li:dataset:(urn:li:dataPlatform:snowflake,long_tail_companions.analytics.active_customer_ltv,PROD)",
                "column": "last_purchase_date",
                "column_type": {
                    "type": {
                        "com.linkedin.pegasus2avro.schema.DateType": {}
                    }
                },
                "native_column_type": "DATE"
            },
            "upstreams": [
                {
                    "table": "urn:li:dataset:(urn:li:dataPlatform:snowflake,long_tail_companions.analytics.customer_last_purchase_date,PROD)",
                    "column": "LAST_PURCHASE_DATE"
                }
            ]
        },
        {
            "downstream": {
                "table": "urn:li:dataset:(urn:li:dataPlatform:snowflake,long_tail_companions.analytics.active_customer_ltv,PROD)",
                "column": "lifetime_purchase_amount",
                "column_type": {
                    "type": {
                        "com.linkedin.pegasus2avro.schema.NumberType": {}
                    }
                },
                "native_column_type": "DECIMAL"
            },
            "upstreams": [
                {
                    "table": "urn:li:dataset:(urn:li:dataPlatform:snowflake,long_tail_companions.ecommerce.purchases,PROD)",
                    "column": "purchase_amount"
                }
            ]
        },
        {
            "downstream": {
                "table": "urn:li:dataset:(urn:li:dataPlatform:snowflake,long_tail_companions.analytics.active_customer_ltv,PROD)",
                "column": "lifetime_purchase_count",
                "column_type": {
                    "type": {
                        "com.linkedin.pegasus2avro.schema.NumberType": {}
                    }
                },
                "native_column_type": "BIGINT"
            },
            "upstreams": [
                {
                    "table": "urn:li:dataset:(urn:li:dataPlatform:snowflake,long_tail_companions.ecommerce.purchases,PROD)",
                    "column": "pk"
                }
            ]
        },
        {
            "downstream": {
                "table": "urn:li:dataset:(urn:li:dataPlatform:snowflake,long_tail_companions.analytics.active_customer_ltv,PROD)",
                "column": "average_purchase_amount",
                "column_type": {
                    "type": {
                        "com.linkedin.pegasus2avro.schema.NumberType": {}
                    }
                },
                "native_column_type": "DECIMAL"
            },
            "upstreams": [
                {
                    "table": "urn:li:dataset:(urn:li:dataPlatform:snowflake,long_tail_companions.ecommerce.purchases,PROD)",
                    "column": "pk"
                },
                {
                    "table": "urn:li:dataset:(urn:li:dataPlatform:snowflake,long_tail_companions.ecommerce.purchases,PROD)",
                    "column": "purchase_amount"
                }
            ]
        }
    ]
}