{
    "query_type": "CREATE",
    "in_tables": [
        "urn:li:dataset:(urn:li:dataPlatform:redshift,my_db.other_schema.table1,PROD)"
    ],
    "out_tables": [
        "urn:li:dataset:(urn:li:dataPlatform:redshift,my_db.my_schema.#my_custom_name,PROD)"
    ],
    "column_lineage": [
        {
            "downstream": {
                "table": "urn:li:dataset:(urn:li:dataPlatform:redshift,my_db.my_schema.#my_custom_name,PROD)",
                "column": "col1",
                "column_type": {
                    "type": {
                        "com.linkedin.pegasus2avro.schema.NumberType": {}
                    }
                },
                "native_column_type": "INTEGER"
            },
            "upstreams": [
                {
                    "table": "urn:li:dataset:(urn:li:dataPlatform:redshift,my_db.other_schema.table1,PROD)",
                    "column": "col1"
                }
            ]
        },
        {
            "downstream": {
                "table": "urn:li:dataset:(urn:li:dataPlatform:redshift,my_db.my_schema.#my_custom_name,PROD)",
                "column": "col2",
                "column_type": {
                    "type": {
                        "com.linkedin.pegasus2avro.schema.NumberType": {}
                    }
                },
                "native_column_type": "INTEGER"
            },
            "upstreams": [
                {
                    "table": "urn:li:dataset:(urn:li:dataPlatform:redshift,my_db.other_schema.table1,PROD)",
                    "column": "col2"
                }
            ]
        }
    ]
}