{
    "query_type": "SELECT",
    "in_tables": [
        "urn:li:dataset:(urn:li:dataPlatform:snowflake,my_db.my_schema.table1,PROD)",
        "urn:li:dataset:(urn:li:dataPlatform:snowflake,my_db.my_schema.table2,PROD)",
        "urn:li:dataset:(urn:li:dataPlatform:snowflake,my_db.my_schema.table3,PROD)"
    ],
    "out_tables": [],
    "column_lineage": [
        {
            "downstream": {
                "table": null,
                "column": "col2",
                "column_type": {
                    "type": {
                        "com.linkedin.pegasus2avro.schema.StringType": {}
                    }
                },
                "native_column_type": "VARCHAR(16777216)"
            },
            "upstreams": [
                {
                    "table": "urn:li:dataset:(urn:li:dataPlatform:snowflake,my_db.my_schema.table2,PROD)",
                    "column": "col2"
                }
            ]
        },
        {
            "downstream": {
                "table": null,
                "column": "col1",
                "column_type": {
                    "type": {
                        "com.linkedin.pegasus2avro.schema.StringType": {}
                    }
                },
                "native_column_type": "VARCHAR(16777216)"
            },
            "upstreams": [
                {
                    "table": "urn:li:dataset:(urn:li:dataPlatform:snowflake,my_db.my_schema.table3,PROD)",
                    "column": "col1"
                }
            ]
        }
    ]
}