{
    "query_type": "CREATE",
    "in_tables": [
        "urn:li:dataset:(urn:li:dataPlatform:oracle,scott.emp,PROD)"
    ],
    "out_tables": [
        "urn:li:dataset:(urn:li:dataPlatform:oracle,vsal,PROD)"
    ],
    "column_lineage": [
        {
            "downstream": {
                "table": "urn:li:dataset:(urn:li:dataPlatform:oracle,vsal,PROD)",
                "column": "Department",
                "column_type": null,
                "native_column_type": null
            },
            "upstreams": [
                {
                    "table": "urn:li:dataset:(urn:li:dataPlatform:oracle,scott.emp,PROD)",
                    "column": "DEPTNO"
                }
            ]
        },
        {
            "downstream": {
                "table": "urn:li:dataset:(urn:li:dataPlatform:oracle,vsal,PROD)",
                "column": "Employees",
                "column_type": {
                    "type": {
                        "com.linkedin.pegasus2avro.schema.NumberType": {}
                    }
                },
                "native_column_type": "NUMBER"
            },
            "upstreams": []
        },
        {
            "downstream": {
                "table": "urn:li:dataset:(urn:li:dataPlatform:oracle,vsal,PROD)",
                "column": "Salary",
                "column_type": null,
                "native_column_type": null
            },
            "upstreams": [
                {
                    "table": "urn:li:dataset:(urn:li:dataPlatform:oracle,scott.emp,PROD)",
                    "column": "SAL"
                }
            ]
        }
    ]
}