{
    "query_type": "CREATE",
    "in_tables": [
        "urn:li:dataset:(urn:li:dataPlatform:redshift,customer,PROD)",
        "urn:li:dataset:(urn:li:dataPlatform:redshift,orders,PROD)"
    ],
    "out_tables": [
        "urn:li:dataset:(urn:li:dataPlatform:redshift,mv_total_orders,PROD)"
    ],
    "column_lineage": [
        {
            "downstream": {
                "table": "urn:li:dataset:(urn:li:dataPlatform:redshift,mv_total_orders,PROD)",
                "column": "cust_id",
                "column_type": null,
                "native_column_type": null
            },
            "upstreams": [
                {
                    "table": "urn:li:dataset:(urn:li:dataPlatform:redshift,customer,PROD)",
                    "column": "cust_id"
                }
            ]
        },
        {
            "downstream": {
                "table": "urn:li:dataset:(urn:li:dataPlatform:redshift,mv_total_orders,PROD)",
                "column": "first_name",
                "column_type": null,
                "native_column_type": null
            },
            "upstreams": [
                {
                    "table": "urn:li:dataset:(urn:li:dataPlatform:redshift,customer,PROD)",
                    "column": "first_name"
                }
            ]
        },
        {
            "downstream": {
                "table": "urn:li:dataset:(urn:li:dataPlatform:redshift,mv_total_orders,PROD)",
                "column": "total_amount",
                "column_type": null,
                "native_column_type": null
            },
            "upstreams": [
                {
                    "table": "urn:li:dataset:(urn:li:dataPlatform:redshift,orders,PROD)",
                    "column": "amount"
                }
            ]
        }
    ]
}